mode: set
github.com/artyomkorchagin/wallet-task/cmd/main.go:34.13,38.16 3 0
github.com/artyomkorchagin/wallet-task/cmd/main.go:38.16,40.3 1 0
github.com/artyomkorchagin/wallet-task/cmd/main.go:41.2,43.26 2 0
github.com/artyomkorchagin/wallet-task/cmd/main.go:43.26,45.3 1 0
github.com/artyomkorchagin/wallet-task/cmd/main.go:45.8,47.3 1 0
github.com/artyomkorchagin/wallet-task/cmd/main.go:49.2,49.16 1 0
github.com/artyomkorchagin/wallet-task/cmd/main.go:49.16,51.3 1 0
github.com/artyomkorchagin/wallet-task/cmd/main.go:52.2,57.16 5 0
github.com/artyomkorchagin/wallet-task/cmd/main.go:57.16,59.3 1 0
github.com/artyomkorchagin/wallet-task/cmd/main.go:61.2,62.34 2 0
github.com/artyomkorchagin/wallet-task/cmd/main.go:62.34,64.3 1 0
github.com/artyomkorchagin/wallet-task/cmd/main.go:65.2,68.59 3 0
github.com/artyomkorchagin/wallet-task/cmd/main.go:68.59,70.3 1 0
github.com/artyomkorchagin/wallet-task/cmd/main.go:71.2,76.16 5 0
github.com/artyomkorchagin/wallet-task/cmd/main.go:76.16,78.3 1 0
github.com/artyomkorchagin/wallet-task/cmd/main.go:80.2,94.12 8 0
github.com/artyomkorchagin/wallet-task/cmd/main.go:94.12,96.77 2 0
github.com/artyomkorchagin/wallet-task/cmd/main.go:96.77,98.4 1 0
github.com/artyomkorchagin/wallet-task/cmd/main.go:101.2,110.42 7 0
github.com/artyomkorchagin/wallet-task/cmd/main.go:110.42,112.3 1 0
github.com/artyomkorchagin/wallet-task/cmd/main.go:114.2,116.35 2 0
github.com/artyomkorchagin/wallet-task/cmd/main.go:116.35,118.3 1 0
github.com/artyomkorchagin/wallet-task/cmd/main.go:120.2,120.38 1 0
github.com/artyomkorchagin/wallet-task/internal/infrastructure/redis.go:9.63,16.67 2 0
github.com/artyomkorchagin/wallet-task/internal/infrastructure/redis.go:16.67,18.3 1 0
github.com/artyomkorchagin/wallet-task/internal/infrastructure/redis.go:19.2,19.17 1 0
github.com/artyomkorchagin/wallet-task/config/config.go:36.36,40.45 4 1
github.com/artyomkorchagin/wallet-task/config/config.go:40.45,41.56 1 1
github.com/artyomkorchagin/wallet-task/config/config.go:41.56,43.4 1 0
github.com/artyomkorchagin/wallet-task/config/config.go:46.2,49.46 3 1
github.com/artyomkorchagin/wallet-task/config/config.go:49.46,51.3 1 0
github.com/artyomkorchagin/wallet-task/config/config.go:53.2,53.39 1 1
github.com/artyomkorchagin/wallet-task/config/config.go:53.39,55.3 1 1
github.com/artyomkorchagin/wallet-task/config/config.go:57.2,57.18 1 1
github.com/artyomkorchagin/wallet-task/config/config.go:60.36,68.2 1 1
github.com/artyomkorchagin/wallet-task/config/config.go:70.37,71.23 1 1
github.com/artyomkorchagin/wallet-task/config/config.go:71.23,73.3 1 1
github.com/artyomkorchagin/wallet-task/config/config.go:74.2,74.27 1 1
github.com/artyomkorchagin/wallet-task/config/config.go:74.27,76.3 1 1
github.com/artyomkorchagin/wallet-task/config/config.go:77.2,77.26 1 1
github.com/artyomkorchagin/wallet-task/config/config.go:77.26,79.3 1 1
github.com/artyomkorchagin/wallet-task/config/config.go:80.2,80.23 1 1
github.com/artyomkorchagin/wallet-task/config/config.go:80.23,82.3 1 0
github.com/artyomkorchagin/wallet-task/config/config.go:83.2,83.23 1 1
github.com/artyomkorchagin/wallet-task/config/config.go:83.23,85.3 1 1
github.com/artyomkorchagin/wallet-task/config/config.go:86.2,86.23 1 1
github.com/artyomkorchagin/wallet-task/config/config.go:86.23,88.3 1 1
github.com/artyomkorchagin/wallet-task/config/config.go:89.2,89.27 1 1
github.com/artyomkorchagin/wallet-task/config/config.go:89.27,91.3 1 1
github.com/artyomkorchagin/wallet-task/config/config.go:92.2,92.12 1 1
github.com/artyomkorchagin/wallet-task/internal/logger/logger.go:8.39,15.2 5 1
github.com/artyomkorchagin/wallet-task/internal/logger/logger.go:17.50,21.2 3 1
github.com/artyomkorchagin/wallet-task/internal/repository/postgres/wallet/CheckOperationExists.go:8.98,13.16 4 1
github.com/artyomkorchagin/wallet-task/internal/repository/postgres/wallet/CheckOperationExists.go:13.16,15.3 1 1
github.com/artyomkorchagin/wallet-task/internal/repository/postgres/wallet/CheckOperationExists.go:17.2,17.20 1 1
github.com/artyomkorchagin/wallet-task/internal/repository/postgres/wallet/GetBalance.go:11.86,17.16 4 1
github.com/artyomkorchagin/wallet-task/internal/repository/postgres/wallet/GetBalance.go:17.16,18.27 1 1
github.com/artyomkorchagin/wallet-task/internal/repository/postgres/wallet/GetBalance.go:18.27,20.4 1 1
github.com/artyomkorchagin/wallet-task/internal/repository/postgres/wallet/GetBalance.go:21.3,21.57 1 1
github.com/artyomkorchagin/wallet-task/internal/repository/postgres/wallet/GetBalance.go:24.2,24.21 1 1
github.com/artyomkorchagin/wallet-task/internal/repository/postgres/wallet/UpdateWallet.go:12.95,17.16 5 1
github.com/artyomkorchagin/wallet-task/internal/repository/postgres/wallet/UpdateWallet.go:17.16,19.3 1 0
github.com/artyomkorchagin/wallet-task/internal/repository/postgres/wallet/UpdateWallet.go:20.2,20.15 1 1
github.com/artyomkorchagin/wallet-task/internal/repository/postgres/wallet/UpdateWallet.go:20.15,21.17 1 1
github.com/artyomkorchagin/wallet-task/internal/repository/postgres/wallet/UpdateWallet.go:21.17,23.4 1 1
github.com/artyomkorchagin/wallet-task/internal/repository/postgres/wallet/UpdateWallet.go:24.3,24.16 1 1
github.com/artyomkorchagin/wallet-task/internal/repository/postgres/wallet/UpdateWallet.go:27.2,33.16 2 1
github.com/artyomkorchagin/wallet-task/internal/repository/postgres/wallet/UpdateWallet.go:33.16,35.3 1 1
github.com/artyomkorchagin/wallet-task/internal/repository/postgres/wallet/UpdateWallet.go:37.2,42.16 3 1
github.com/artyomkorchagin/wallet-task/internal/repository/postgres/wallet/UpdateWallet.go:42.16,43.27 1 1
github.com/artyomkorchagin/wallet-task/internal/repository/postgres/wallet/UpdateWallet.go:43.27,45.4 1 0
github.com/artyomkorchagin/wallet-task/internal/repository/postgres/wallet/UpdateWallet.go:46.3,46.54 1 1
github.com/artyomkorchagin/wallet-task/internal/repository/postgres/wallet/UpdateWallet.go:49.2,50.63 2 1
github.com/artyomkorchagin/wallet-task/internal/repository/postgres/wallet/UpdateWallet.go:50.63,52.3 1 0
github.com/artyomkorchagin/wallet-task/internal/repository/postgres/wallet/UpdateWallet.go:53.2,53.32 1 1
github.com/artyomkorchagin/wallet-task/internal/repository/postgres/wallet/UpdateWallet.go:53.32,55.3 1 1
github.com/artyomkorchagin/wallet-task/internal/repository/postgres/wallet/UpdateWallet.go:56.2,56.33 1 1
github.com/artyomkorchagin/wallet-task/internal/repository/postgres/wallet/UpdateWallet.go:56.33,57.34 1 0
github.com/artyomkorchagin/wallet-task/internal/repository/postgres/wallet/UpdateWallet.go:57.34,59.4 1 0
github.com/artyomkorchagin/wallet-task/internal/repository/postgres/wallet/UpdateWallet.go:60.3,60.27 1 0
github.com/artyomkorchagin/wallet-task/internal/repository/postgres/wallet/UpdateWallet.go:63.2,68.16 2 1
github.com/artyomkorchagin/wallet-task/internal/repository/postgres/wallet/UpdateWallet.go:68.16,70.3 1 0
github.com/artyomkorchagin/wallet-task/internal/repository/postgres/wallet/UpdateWallet.go:72.2,72.49 1 1
github.com/artyomkorchagin/wallet-task/internal/repository/postgres/wallet/UpdateWallet.go:72.49,74.3 1 0
github.com/artyomkorchagin/wallet-task/internal/repository/postgres/wallet/UpdateWallet.go:76.2,82.16 2 1
github.com/artyomkorchagin/wallet-task/internal/repository/postgres/wallet/UpdateWallet.go:82.16,84.3 1 0
github.com/artyomkorchagin/wallet-task/internal/repository/postgres/wallet/UpdateWallet.go:86.2,86.35 1 1
github.com/artyomkorchagin/wallet-task/internal/repository/postgres/wallet/UpdateWallet.go:86.35,88.3 1 0
github.com/artyomkorchagin/wallet-task/internal/repository/postgres/wallet/UpdateWallet.go:90.2,90.12 1 1
github.com/artyomkorchagin/wallet-task/internal/repository/postgres/wallet/UpdateWallet.go:93.89,100.2 2 1
github.com/artyomkorchagin/wallet-task/internal/repository/postgres/wallet/repo.go:14.44,18.2 1 1
github.com/artyomkorchagin/wallet-task/internal/repository/postgres/wallet/repo.go:20.38,21.53 1 0
github.com/artyomkorchagin/wallet-task/internal/repository/postgres/wallet/repo.go:21.53,23.3 1 0
github.com/artyomkorchagin/wallet-task/internal/repository/postgres/wallet/repo.go:25.2,25.51 1 0
github.com/artyomkorchagin/wallet-task/internal/repository/postgres/wallet/repo.go:25.51,27.3 1 0
github.com/artyomkorchagin/wallet-task/internal/repository/postgres/wallet/repo.go:29.2,29.12 1 0
github.com/artyomkorchagin/wallet-task/internal/types/errors.go:28.35,30.2 1 1
github.com/artyomkorchagin/wallet-task/internal/types/errors.go:33.53,33.112 1 1
github.com/artyomkorchagin/wallet-task/internal/types/errors.go:34.53,34.110 1 1
github.com/artyomkorchagin/wallet-task/internal/types/errors.go:35.53,35.121 1 1
github.com/artyomkorchagin/wallet-task/internal/types/errors.go:36.53,36.110 1 1
github.com/artyomkorchagin/wallet-task/internal/types/wallet.go:10.123,17.2 1 1
github.com/artyomkorchagin/wallet-task/internal/services/wallet/GetBalance.go:14.83,17.15 3 1
github.com/artyomkorchagin/wallet-task/internal/services/wallet/GetBalance.go:17.15,19.38 2 1
github.com/artyomkorchagin/wallet-task/internal/services/wallet/GetBalance.go:19.38,22.4 1 0
github.com/artyomkorchagin/wallet-task/internal/services/wallet/GetBalance.go:22.9,25.4 1 1
github.com/artyomkorchagin/wallet-task/internal/services/wallet/GetBalance.go:27.2,29.22 2 1
github.com/artyomkorchagin/wallet-task/internal/services/wallet/GetBalance.go:29.22,32.3 2 1
github.com/artyomkorchagin/wallet-task/internal/services/wallet/GetBalance.go:34.2,35.16 2 1
github.com/artyomkorchagin/wallet-task/internal/services/wallet/GetBalance.go:35.16,39.3 2 1
github.com/artyomkorchagin/wallet-task/internal/services/wallet/GetBalance.go:41.2,43.66 2 1
github.com/artyomkorchagin/wallet-task/internal/services/wallet/GetBalance.go:43.66,47.3 2 1
github.com/artyomkorchagin/wallet-task/internal/services/wallet/GetBalance.go:49.2,53.16 3 1
github.com/artyomkorchagin/wallet-task/internal/services/wallet/GetBalance.go:53.16,57.46 2 1
github.com/artyomkorchagin/wallet-task/internal/services/wallet/GetBalance.go:57.46,59.4 1 1
github.com/artyomkorchagin/wallet-task/internal/services/wallet/GetBalance.go:60.3,60.46 1 1
github.com/artyomkorchagin/wallet-task/internal/services/wallet/GetBalance.go:63.2,63.88 1 1
github.com/artyomkorchagin/wallet-task/internal/services/wallet/GetBalance.go:63.88,68.3 1 1
github.com/artyomkorchagin/wallet-task/internal/services/wallet/GetBalance.go:68.8,72.3 1 0
github.com/artyomkorchagin/wallet-task/internal/services/wallet/GetBalance.go:74.2,77.21 2 1
github.com/artyomkorchagin/wallet-task/internal/services/wallet/UpdateBalance.go:16.92,18.34 2 1
github.com/artyomkorchagin/wallet-task/internal/services/wallet/UpdateBalance.go:18.34,20.17 2 1
github.com/artyomkorchagin/wallet-task/internal/services/wallet/UpdateBalance.go:20.17,21.58 1 1
github.com/artyomkorchagin/wallet-task/internal/services/wallet/UpdateBalance.go:21.58,26.13 3 0
github.com/artyomkorchagin/wallet-task/internal/services/wallet/UpdateBalance.go:28.4,28.14 1 1
github.com/artyomkorchagin/wallet-task/internal/services/wallet/UpdateBalance.go:30.3,30.13 1 0
github.com/artyomkorchagin/wallet-task/internal/services/wallet/UpdateBalance.go:32.2,32.74 1 0
github.com/artyomkorchagin/wallet-task/internal/services/wallet/UpdateBalance.go:35.96,38.15 3 1
github.com/artyomkorchagin/wallet-task/internal/services/wallet/UpdateBalance.go:38.15,40.38 2 1
github.com/artyomkorchagin/wallet-task/internal/services/wallet/UpdateBalance.go:40.38,43.4 1 0
github.com/artyomkorchagin/wallet-task/internal/services/wallet/UpdateBalance.go:43.9,46.4 1 1
github.com/artyomkorchagin/wallet-task/internal/services/wallet/UpdateBalance.go:48.2,54.26 2 1
github.com/artyomkorchagin/wallet-task/internal/services/wallet/UpdateBalance.go:54.26,57.3 2 1
github.com/artyomkorchagin/wallet-task/internal/services/wallet/UpdateBalance.go:59.2,59.21 1 1
github.com/artyomkorchagin/wallet-task/internal/services/wallet/UpdateBalance.go:59.21,63.3 2 0
github.com/artyomkorchagin/wallet-task/internal/services/wallet/UpdateBalance.go:65.2,65.97 1 1
github.com/artyomkorchagin/wallet-task/internal/services/wallet/UpdateBalance.go:65.97,73.3 2 0
github.com/artyomkorchagin/wallet-task/internal/services/wallet/UpdateBalance.go:75.2,75.55 1 1
github.com/artyomkorchagin/wallet-task/internal/services/wallet/UpdateBalance.go:75.55,80.3 2 0
github.com/artyomkorchagin/wallet-task/internal/services/wallet/UpdateBalance.go:82.2,82.54 1 1
github.com/artyomkorchagin/wallet-task/internal/services/wallet/UpdateBalance.go:82.54,85.3 2 0
github.com/artyomkorchagin/wallet-task/internal/services/wallet/UpdateBalance.go:87.2,90.16 3 1
github.com/artyomkorchagin/wallet-task/internal/services/wallet/UpdateBalance.go:90.16,95.3 2 0
github.com/artyomkorchagin/wallet-task/internal/services/wallet/UpdateBalance.go:97.2,97.12 1 1
github.com/artyomkorchagin/wallet-task/internal/services/wallet/UpdateBalance.go:97.12,100.3 2 1
github.com/artyomkorchagin/wallet-task/internal/services/wallet/UpdateBalance.go:102.2,105.54 2 1
github.com/artyomkorchagin/wallet-task/internal/services/wallet/UpdateBalance.go:105.54,106.10 1 1
github.com/artyomkorchagin/wallet-task/internal/services/wallet/UpdateBalance.go:107.48,109.33 2 1
github.com/artyomkorchagin/wallet-task/internal/services/wallet/UpdateBalance.go:110.51,113.35 2 0
github.com/artyomkorchagin/wallet-task/internal/services/wallet/UpdateBalance.go:114.50,117.33 2 0
github.com/artyomkorchagin/wallet-task/internal/services/wallet/UpdateBalance.go:118.49,121.33 2 0
github.com/artyomkorchagin/wallet-task/internal/services/wallet/UpdateBalance.go:122.11,127.44 2 0
github.com/artyomkorchagin/wallet-task/internal/services/wallet/UpdateBalance.go:131.2,136.12 2 0
github.com/artyomkorchagin/wallet-task/internal/services/wallet/service.go:22.84,28.2 1 1
